exports[`test App shows form and empty list of repositories 1`] = `
<div
  className="container">
  <div
    className="wrapper">
    <form
      className="form-inline"
      onSubmit={[Function]}>
      <div
        className="form-group">
        <div
          className={undefined}
          style={
            Object {
              "backgroundColor": "transparent",
              "cursor": "auto",
              "display": "inline-block",
              "fontFamily": "Roboto, sans-serif",
              "fontSize": 16,
              "height": 48,
              "lineHeight": "24px",
              "muiPrepared": true,
              "position": "relative",
              "transition": "height 200ms cubic-bezier(0.23, 1, 0.32, 1) 0ms",
              "width": 256,
            }
          }>
          <div
            style={
              Object {
                "bottom": 12,
                "color": "rgba(0, 0, 0, 0.3)",
                "muiPrepared": true,
                "opacity": 1,
                "position": "absolute",
                "transition": "all 450ms cubic-bezier(0.23, 1, 0.32, 1) 0ms",
              }
            }>
            Enter user name
          </div>
          <input
            disabled={false}
            id="search-field"
            onBlur={[Function]}
            onChange={[Function]}
            onFocus={[Function]}
            style={
              Object {
                "WebkitTapHighlightColor": "rgba(0,0,0,0)",
                "appearance": "textfield",
                "backgroundColor": "rgba(0,0,0,0)",
                "border": "none",
                "color": "rgba(0, 0, 0, 0.87)",
                "cursor": "inherit",
                "font": "inherit",
                "height": "100%",
                "muiPrepared": true,
                "outline": "none",
                "padding": 0,
                "position": "relative",
                "width": "100%",
              }
            }
            type="text"
            value="" />
          <div>
            <hr
              style={
                Object {
                  "borderBottom": "solid 1px",
                  "borderColor": "#e0e0e0",
                  "borderLeft": "none",
                  "borderRight": "none",
                  "borderTop": "none",
                  "bottom": 8,
                  "boxSizing": "content-box",
                  "margin": 0,
                  "muiPrepared": true,
                  "position": "absolute",
                  "width": "100%",
                }
              } />
            <hr
              style={
                Object {
                  "borderBottom": "solid 2px",
                  "borderColor": "#00bcd4",
                  "borderLeft": "none",
                  "borderRight": "none",
                  "borderTop": "none",
                  "bottom": 8,
                  "boxSizing": "content-box",
                  "margin": 0,
                  "muiPrepared": true,
                  "position": "absolute",
                  "transform": "scaleX(0)",
                  "transition": "all 450ms cubic-bezier(0.23, 1, 0.32, 1) 0ms",
                  "width": "100%",
                }
              } />
          </div>
        </div>
        <div
          className={undefined}
          style={
            Object {
              "WebkitTapHighlightColor": "rgba(0,0,0,0)",
              "backgroundColor": "#ffffff",
              "borderRadius": "2px",
              "boxShadow": "0 1px 6px rgba(0, 0, 0, 0.12),
                     0 1px 4px rgba(0, 0, 0, 0.12)",
              "boxSizing": "border-box",
              "color": "rgba(0, 0, 0, 0.87)",
              "display": "inline-block",
              "fontFamily": "Roboto, sans-serif",
              "minWidth": 88,
              "muiPrepared": true,
              "transition": "all 450ms cubic-bezier(0.23, 1, 0.32, 1) 0ms",
            }
          }>
          <button
            disabled={false}
            href={undefined}
            onBlur={[Function]}
            onClick={[Function]}
            onFocus={[Function]}
            onKeyDown={[Function]}
            onKeyUp={[Function]}
            onMouseDown={[Function]}
            onMouseEnter={[Function]}
            onMouseLeave={[Function]}
            onMouseUp={[Function]}
            onTouchEnd={[Function]}
            onTouchStart={[Function]}
            onTouchTap={[Function]}
            style={
              Object {
                "WebkitTapHighlightColor": "rgba(0, 0, 0, 0)",
                "backgroundColor": "#00bcd4",
                "border": 10,
                "borderRadius": 2,
                "boxSizing": "border-box",
                "cursor": "pointer",
                "display": "inline-block",
                "fontFamily": "Roboto, sans-serif",
                "fontSize": "inherit",
                "fontWeight": "inherit",
                "height": 36,
                "lineHeight": "36px",
                "margin": 0,
                "muiPrepared": true,
                "outline": "none",
                "padding": 0,
                "position": "relative",
                "textAlign": "center",
                "textDecoration": "none",
                "transition": "all 450ms cubic-bezier(0.23, 1, 0.32, 1) 0ms",
                "verticalAlign": null,
                "width": "100%",
                "zIndex": 1,
              }
            }
            tabIndex={0}
            type="button">
            <div
              onMouseDown={[Function]}
              onMouseLeave={[Function]}
              onMouseUp={[Function]}
              onTouchEnd={[Function]}
              onTouchStart={[Function]}>
              <div
                style={
                  Object {
                    "backgroundColor": false,
                    "borderRadius": 2,
                    "height": 36,
                    "muiPrepared": true,
                    "top": 0,
                    "transition": "all 450ms cubic-bezier(0.23, 1, 0.32, 1) 0ms",
                  }
                }>
                <span
                  style={
                    Object {
                      "color": "#ffffff",
                      "fontSize": 14,
                      "fontWeight": 500,
                      "letterSpacing": 0,
                      "margin": 0,
                      "muiPrepared": true,
                      "opacity": 1,
                      "paddingLeft": 16,
                      "paddingRight": 16,
                      "position": "relative",
                      "textTransform": "uppercase",
                      "userSelect": "none",
                    }
                  }>
                  Search
                </span>
              </div>
            </div>
          </button>
        </div>
      </div>
    </form>
    <div
      className="search-results row">
      <div
        className="col-xs-12">
        <p
          className="help-block">
          Enter user name and click the Search button to search GitHub for user repositories.
        </p>
      </div>
    </div>
  </div>
</div>
`;

exports[`test App shows form with query 1`] = `
<div
  className="container">
  <div
    className="wrapper">
    <form
      className="form-inline"
      onSubmit={[Function]}>
      <div
        className="form-group">
        <div
          className={undefined}
          style={
            Object {
              "backgroundColor": "transparent",
              "cursor": "auto",
              "display": "inline-block",
              "fontFamily": "Roboto, sans-serif",
              "fontSize": 16,
              "height": 48,
              "lineHeight": "24px",
              "muiPrepared": true,
              "position": "relative",
              "transition": "height 200ms cubic-bezier(0.23, 1, 0.32, 1) 0ms",
              "width": 256,
            }
          }>
          <div
            style={
              Object {
                "bottom": 12,
                "color": "rgba(0, 0, 0, 0.3)",
                "muiPrepared": true,
                "opacity": 1,
                "position": "absolute",
                "transition": "all 450ms cubic-bezier(0.23, 1, 0.32, 1) 0ms",
              }
            }>
            Enter user name
          </div>
          <input
            disabled={false}
            id="search-field"
            onBlur={[Function]}
            onChange={[Function]}
            onFocus={[Function]}
            style={
              Object {
                "WebkitTapHighlightColor": "rgba(0,0,0,0)",
                "appearance": "textfield",
                "backgroundColor": "rgba(0,0,0,0)",
                "border": "none",
                "color": "rgba(0, 0, 0, 0.87)",
                "cursor": "inherit",
                "font": "inherit",
                "height": "100%",
                "muiPrepared": true,
                "outline": "none",
                "padding": 0,
                "position": "relative",
                "width": "100%",
              }
            }
            type="text"
            value="" />
          <div>
            <hr
              style={
                Object {
                  "borderBottom": "solid 1px",
                  "borderColor": "#e0e0e0",
                  "borderLeft": "none",
                  "borderRight": "none",
                  "borderTop": "none",
                  "bottom": 8,
                  "boxSizing": "content-box",
                  "margin": 0,
                  "muiPrepared": true,
                  "position": "absolute",
                  "width": "100%",
                }
              } />
            <hr
              style={
                Object {
                  "borderBottom": "solid 2px",
                  "borderColor": "#00bcd4",
                  "borderLeft": "none",
                  "borderRight": "none",
                  "borderTop": "none",
                  "bottom": 8,
                  "boxSizing": "content-box",
                  "margin": 0,
                  "muiPrepared": true,
                  "position": "absolute",
                  "transform": "scaleX(0)",
                  "transition": "all 450ms cubic-bezier(0.23, 1, 0.32, 1) 0ms",
                  "width": "100%",
                }
              } />
          </div>
        </div>
        <div
          className={undefined}
          style={
            Object {
              "WebkitTapHighlightColor": "rgba(0,0,0,0)",
              "backgroundColor": "#ffffff",
              "borderRadius": "2px",
              "boxShadow": "0 1px 6px rgba(0, 0, 0, 0.12),
                     0 1px 4px rgba(0, 0, 0, 0.12)",
              "boxSizing": "border-box",
              "color": "rgba(0, 0, 0, 0.87)",
              "display": "inline-block",
              "fontFamily": "Roboto, sans-serif",
              "minWidth": 88,
              "muiPrepared": true,
              "transition": "all 450ms cubic-bezier(0.23, 1, 0.32, 1) 0ms",
            }
          }>
          <button
            disabled={false}
            href={undefined}
            onBlur={[Function]}
            onClick={[Function]}
            onFocus={[Function]}
            onKeyDown={[Function]}
            onKeyUp={[Function]}
            onMouseDown={[Function]}
            onMouseEnter={[Function]}
            onMouseLeave={[Function]}
            onMouseUp={[Function]}
            onTouchEnd={[Function]}
            onTouchStart={[Function]}
            onTouchTap={[Function]}
            style={
              Object {
                "WebkitTapHighlightColor": "rgba(0, 0, 0, 0)",
                "backgroundColor": "#00bcd4",
                "border": 10,
                "borderRadius": 2,
                "boxSizing": "border-box",
                "cursor": "pointer",
                "display": "inline-block",
                "fontFamily": "Roboto, sans-serif",
                "fontSize": "inherit",
                "fontWeight": "inherit",
                "height": 36,
                "lineHeight": "36px",
                "margin": 0,
                "muiPrepared": true,
                "outline": "none",
                "padding": 0,
                "position": "relative",
                "textAlign": "center",
                "textDecoration": "none",
                "transition": "all 450ms cubic-bezier(0.23, 1, 0.32, 1) 0ms",
                "verticalAlign": null,
                "width": "100%",
                "zIndex": 1,
              }
            }
            tabIndex={0}
            type="button">
            <div
              onMouseDown={[Function]}
              onMouseLeave={[Function]}
              onMouseUp={[Function]}
              onTouchEnd={[Function]}
              onTouchStart={[Function]}>
              <div
                style={
                  Object {
                    "backgroundColor": false,
                    "borderRadius": 2,
                    "height": 36,
                    "muiPrepared": true,
                    "top": 0,
                    "transition": "all 450ms cubic-bezier(0.23, 1, 0.32, 1) 0ms",
                  }
                }>
                <span
                  style={
                    Object {
                      "color": "#ffffff",
                      "fontSize": 14,
                      "fontWeight": 500,
                      "letterSpacing": 0,
                      "margin": 0,
                      "muiPrepared": true,
                      "opacity": 1,
                      "paddingLeft": 16,
                      "paddingRight": 16,
                      "position": "relative",
                      "textTransform": "uppercase",
                      "userSelect": "none",
                    }
                  }>
                  Search
                </span>
              </div>
            </div>
          </button>
        </div>
      </div>
    </form>
    <div
      className="search-results row">
      <div
        className="col-xs-12">
        <p
          className="help-block">
          Enter user name and click the Search button to search GitHub for user repositories.
        </p>
      </div>
    </div>
  </div>
</div>
`;
